// Jest Snapshot v1, https://goo.gl/fbAQLP

exports[`ui/atoms/icons/icon List of icon 1`] = `
Array [
  "arrowDown",
  "arrowRight",
  "arrowLeft",
  "arrowUp",
  "close",
  "closeCircle",
  "check",
  "eyeOff",
  "eye",
  "error",
  "search",
  "spinner",
  "warning",
  "home",
  "group",
  "masks",
  "hourglassTop",
  "manageAccounts",
  "laptop",
  "people",
  "personOff",
  "summarize",
  "outlineEvent",
  "calendarViewMonth",
  "mail",
  "virus",
  "healing",
  "textSnippet",
  "edit",
  "help",
  "factCheck",
  "share",
  "sync",
  "editNote",
  "quizz",
  "wifi",
  "settingsApp",
  "menu",
  "dns",
  "widgets",
  "switch",
  "assignement",
  "logout",
  "personAdd",
  "recentActors",
  "settings",
  "groupWork",
  "smartphone",
  "toc",
  "description",
  "folder",
  "tips",
  "broken",
  "fileCopy",
  "notificationPush",
  "notification",
  "hospital",
  "doubleArrow",
  "imageIcon",
  "userIcon",
  "code",
  "panelSettings",
  "reportProblem",
  "creditCard",
  "subject",
  "listAlt",
  "filterIcon",
  "cactus",
  "tableChart",
  "filePresent",
]
`;
