// Jest Snapshot v1, https://goo.gl/fbAQLP

exports[`ui/atoms/icons/rounded/RoundedIcon renders correctly 1`] = `
<div
  className="rounded-full p-1 fill-current bg-primary-100 text-primary-500"
>
  <svg
    className="w-4 h-4"
    fill="currentColor"
    height="1em"
    stroke="currentColor"
    strokeWidth="0"
    style={
      Object {
        "color": undefined,
      }
    }
    viewBox="0 0 24 24"
    width="1em"
    xmlns="http://www.w3.org/2000/svg"
  >
    <path
      d="M0 0h24v24H0z"
      fill="none"
    />
    <path
      d="M9 16.17L4.83 12l-1.42 1.41L9 19 21 7l-1.41-1.41z"
    />
  </svg>
</div>
`;
