// Jest Snapshot v1, https://goo.gl/fbAQLP

exports[`atoms/buttons/button/utils getButtonCls return by default 1`] = `"relative text-center font-semibold transition-all text-sm rounded-lg border outline-none transition-colors flex items-center justify-center text-primary-500 bg-white border-gray-100 hover:bg-primary-100 hover:border-primary-100 h-9"`;
